c4	58441
c2	4722
c1	55
c3	47
c6	38
c5	30
c7	12
c8	5
c14	4
c10	2
c11	2
c12	2
c15	2
c13	1
